0 verbose cli /usr/local/bin/node /usr/local/bin/npm
1 info using npm@11.13.0
2 info using node@v24.16.0
3 silly config load:file:/usr/local/lib/node_modules/npm/npmrc
4 silly config load:file:/Users/santhoshsl/Custom_GUI_Airflow/mage-frontend/.npmrc
5 silly config load:file:/Users/santhoshsl/.npmrc
6 silly config load:file:/usr/local/etc/npmrc
7 verbose title npm install
8 verbose argv "install" "--cache" "./npm-cache"
9 verbose logfile logs-max:10 dir:/Users/santhoshsl/Custom_GUI_Airflow/mage-frontend/npm-cache/_logs/2026-06-30T06_19_31_017Z-
10 verbose logfile /Users/santhoshsl/Custom_GUI_Airflow/mage-frontend/npm-cache/_logs/2026-06-30T06_19_31_017Z-debug-0.log
11 silly logfile done cleaning log files
12 silly packumentCache heap:4496293888 maxSize:1124073472 maxEntrySize:562036736
13 silly idealTree buildDeps
14 silly fetch manifest @angular/common@^22.0.0
15 silly packumentCache full:https://registry.npmjs.org/@angular%2fcommon cache-miss
16 http fetch GET 200 https://registry.npmjs.org/npm 650ms
17 http fetch GET 200 https://registry.npmjs.org/@angular%2fcommon 750ms (cache miss)
18 silly packumentCache full:https://registry.npmjs.org/@angular%2fcommon set size:undefined disposed:false
19 silly fetch manifest @angular/core@^22.0.0
20 silly packumentCache full:https://registry.npmjs.org/@angular%2fcore cache-miss
21 http fetch GET 200 https://registry.npmjs.org/@angular%2fcore 248ms (cache miss)
22 silly packumentCache full:https://registry.npmjs.org/@angular%2fcore set size:undefined disposed:false
23 silly fetch manifest @angular/compiler@^22.0.0
24 silly packumentCache full:https://registry.npmjs.org/@angular%2fcompiler cache-miss
25 http fetch GET 200 https://registry.npmjs.org/@angular%2fcompiler 263ms (cache miss)
26 silly packumentCache full:https://registry.npmjs.org/@angular%2fcompiler set size:undefined disposed:false
27 silly fetch manifest rxjs@~7.8.0
28 silly packumentCache full:https://registry.npmjs.org/rxjs cache-miss
29 http fetch GET 200 https://registry.npmjs.org/rxjs 280ms (cache miss)
30 silly packumentCache full:https://registry.npmjs.org/rxjs set size:undefined disposed:false
31 silly fetch manifest zone.js@~0.15.0 || ~0.16.0
32 silly packumentCache full:https://registry.npmjs.org/zone.js cache-miss
33 http fetch GET 200 https://registry.npmjs.org/zone.js 110ms (cache miss)
34 silly packumentCache full:https://registry.npmjs.org/zone.js set size:undefined disposed:false
35 silly fetch manifest @angular/forms@^22.0.0
36 silly packumentCache full:https://registry.npmjs.org/@angular%2fforms cache-miss
37 http fetch GET 200 https://registry.npmjs.org/@angular%2fforms 292ms (cache miss)
38 silly packumentCache full:https://registry.npmjs.org/@angular%2fforms set size:undefined disposed:false
39 silly fetch manifest @angular/platform-browser@^22.0.0
40 silly packumentCache full:https://registry.npmjs.org/@angular%2fplatform-browser cache-miss
41 http fetch GET 200 https://registry.npmjs.org/@angular%2fplatform-browser 254ms (cache miss)
42 silly packumentCache full:https://registry.npmjs.org/@angular%2fplatform-browser set size:undefined disposed:false
43 silly fetch manifest @angular/animations@22.0.4
44 silly packumentCache full:https://registry.npmjs.org/@angular%2fanimations cache-miss
45 http fetch GET 200 https://registry.npmjs.org/@angular%2fanimations 244ms (cache miss)
46 silly packumentCache full:https://registry.npmjs.org/@angular%2fanimations set size:undefined disposed:false
47 silly fetch manifest @angular/router@^22.0.0
48 silly packumentCache full:https://registry.npmjs.org/@angular%2frouter cache-miss
49 http fetch GET 200 https://registry.npmjs.org/@angular%2frouter 238ms (cache miss)
50 silly packumentCache full:https://registry.npmjs.org/@angular%2frouter set size:undefined disposed:false
51 silly fetch manifest monaco-editor@^0.55.1
52 silly packumentCache full:https://registry.npmjs.org/monaco-editor cache-miss
53 http fetch GET 200 https://registry.npmjs.org/monaco-editor 264ms (cache miss)
54 silly packumentCache full:https://registry.npmjs.org/monaco-editor set size:undefined disposed:false
55 silly fetch manifest ngx-monaco-editor-v2@21.1.4
56 silly packumentCache full:https://registry.npmjs.org/ngx-monaco-editor-v2 cache-miss
57 http fetch GET 200 https://registry.npmjs.org/ngx-monaco-editor-v2 544ms (cache miss)
58 silly packumentCache full:https://registry.npmjs.org/ngx-monaco-editor-v2 set size:undefined disposed:false
59 silly fetch manifest @angular/common@^21.1.4
60 silly packumentCache full:https://registry.npmjs.org/@angular%2fcommon cache-miss
61 http cache https://registry.npmjs.org/@angular%2fcommon 12ms (cache hit)
62 silly packumentCache full:https://registry.npmjs.org/@angular%2fcommon set size:3166222 disposed:false
63 verbose stack Error: unable to resolve dependency tree
63 verbose stack     at #failPeerConflict (/usr/local/lib/node_modules/npm/node_modules/@npmcli/arborist/lib/arborist/build-ideal-tree.js:1403:25)
63 verbose stack     at #loadPeerSet (/usr/local/lib/node_modules/npm/node_modules/@npmcli/arborist/lib/arborist/build-ideal-tree.js:1369:33)
63 verbose stack     at async #buildDepStep (/usr/local/lib/node_modules/npm/node_modules/@npmcli/arborist/lib/arborist/build-ideal-tree.js:917:11)
63 verbose stack     at async Arborist.buildIdealTree (/usr/local/lib/node_modules/npm/node_modules/@npmcli/arborist/lib/arborist/build-ideal-tree.js:170:7)
63 verbose stack     at async Promise.all (index 1)
63 verbose stack     at async Arborist.reify (/usr/local/lib/node_modules/npm/node_modules/@npmcli/arborist/lib/arborist/reify.js:111:5)
63 verbose stack     at async Install.exec (/usr/local/lib/node_modules/npm/lib/commands/install.js:146:5)
63 verbose stack     at async Npm.exec (/usr/local/lib/node_modules/npm/lib/npm.js:193:9)
63 verbose stack     at async module.exports (/usr/local/lib/node_modules/npm/lib/cli/entry.js:67:5)
64 error code ERESOLVE
65 error ERESOLVE unable to resolve dependency tree
66 error
67 error While resolving: mage-frontend@0.0.0
67 error Found: @angular/common@22.0.4
67 error node_modules/@angular/common
67 error   @angular/common@"^22.0.0" from the root project
67 error
67 error Could not resolve dependency:
67 error peer @angular/common@"^21.1.4" from ngx-monaco-editor-v2@21.1.4
67 error node_modules/ngx-monaco-editor-v2
67 error   ngx-monaco-editor-v2@"21.1.4" from the root project
67 error
67 error Fix the upstream dependency conflict, or retry this command with --force or --legacy-peer-deps to accept an incorrect (and potentially broken) dependency resolution.
68 error
68 error
68 error For a full report see:
68 error /Users/santhoshsl/Custom_GUI_Airflow/mage-frontend/npm-cache/_logs/2026-06-30T06_19_31_017Z-eresolve-report.txt
69 silly unfinished npm timer reify 1782800371211
70 silly unfinished npm timer reify:loadTrees 1782800371211
71 silly unfinished npm timer idealTree:buildDeps 1782800371215
72 silly unfinished npm timer idealTree:#root 1782800371215
73 verbose cwd /Users/santhoshsl/Custom_GUI_Airflow/mage-frontend
74 verbose os Darwin 25.5.0
75 verbose node v24.16.0
76 verbose npm  v11.13.0
77 notice
77 notice New minor version of npm available! 11.13.0 -> 11.18.0
77 notice Changelog: https://github.com/npm/cli/releases/tag/v11.18.0
77 notice To update run: npm install -g npm@11.18.0
77 notice  { force: true, Symbol(proc-log.meta): true }
78 verbose exit 1
79 verbose code 1
80 error A complete log of this run can be found in: /Users/santhoshsl/Custom_GUI_Airflow/mage-frontend/npm-cache/_logs/2026-06-30T06_19_31_017Z-debug-0.log
